Component: ARM Compiler 6.13.1 Tool: armlink [5d895400]

==============================================================================

Section Cross References

    app.o(.text.App_ButtonInterrupt) refers to led.o(.text.Led_TurnOff) for Led_TurnOff
    app.o(.text.App_ButtonInterrupt) refers to app.o(.bss.g_u8StartFlag) for g_u8StartFlag
    app.o(.text.App_ButtonInterrupt) refers to pwm.o(.text.Pwm_Stop) for Pwm_Stop
    app.o(.ARM.exidx.text.App_ButtonInterrupt) refers to app.o(.text.App_ButtonInterrupt) for [Anonymous Symbol]
    app.o(.text.App_init) refers to led.o(.text.Led_Init) for Led_Init
    app.o(.text.App_init) refers to button.o(.text.Button_Init) for Button_Init
    app.o(.text.App_init) refers to app.o(.text.App_SequenceChange) for App_SequenceChange
    app.o(.text.App_init) refers to service.o(.text.Service_TimerInit) for Service_TimerInit
    app.o(.text.App_init) refers to port.o(.text.Port_InterruptEnable) for Port_InterruptEnable
    app.o(.text.App_init) refers to app.o(.text.App_ButtonInterrupt) for App_ButtonInterrupt
    app.o(.text.App_init) refers to port.o(.text.Port_InterruptSetCallback) for Port_InterruptSetCallback
    app.o(.text.App_init) refers to pwm.o(.text.Pwm_Init) for Pwm_Init
    app.o(.ARM.exidx.text.App_init) refers to app.o(.text.App_init) for [Anonymous Symbol]
    app.o(.text.App_SequenceChange) refers to app.o(.bss.g_u8Sequence) for g_u8Sequence
    app.o(.text.App_SequenceChange) refers to app.o(.bss.g_u8TimerFlag) for g_u8TimerFlag
    app.o(.ARM.exidx.text.App_SequenceChange) refers to app.o(.text.App_SequenceChange) for [Anonymous Symbol]
    app.o(.text.App_CarReadyStage) refers to led.o(.text.Led_TurnOff) for Led_TurnOff
    app.o(.text.App_CarReadyStage) refers to led.o(.text.Led_TurnOn) for Led_TurnOn
    app.o(.text.App_CarReadyStage) refers to service.o(.text.Service_TimerStart) for Service_TimerStart
    app.o(.text.App_CarReadyStage) refers to pwm.o(.text.Pwm_Stop) for Pwm_Stop
    app.o(.text.App_CarReadyStage) refers to motor.o(.text.MOTOR_Stop) for MOTOR_Stop
    app.o(.ARM.exidx.text.App_CarReadyStage) refers to app.o(.text.App_CarReadyStage) for [Anonymous Symbol]
    app.o(.text.App_CarStopStage) refers to led.o(.text.Led_TurnOff) for Led_TurnOff
    app.o(.text.App_CarStopStage) refers to led.o(.text.Led_TurnOn) for Led_TurnOn
    app.o(.text.App_CarStopStage) refers to service.o(.text.Service_TimerStart) for Service_TimerStart
    app.o(.text.App_CarStopStage) refers to pwm.o(.text.Pwm_Stop) for Pwm_Stop
    app.o(.text.App_CarStopStage) refers to motor.o(.text.MOTOR_Stop) for MOTOR_Stop
    app.o(.ARM.exidx.text.App_CarStopStage) refers to app.o(.text.App_CarStopStage) for [Anonymous Symbol]
    app.o(.text.App_LongSideStage) refers to led.o(.text.Led_TurnOff) for Led_TurnOff
    app.o(.text.App_LongSideStage) refers to led.o(.text.Led_TurnOn) for Led_TurnOn
    app.o(.text.App_LongSideStage) refers to service.o(.text.Service_TimerStart) for Service_TimerStart
    app.o(.text.App_LongSideStage) refers to pwm.o(.text.Pwm_Start) for Pwm_Start
    app.o(.text.App_LongSideStage) refers to motor.o(.text.MOTOR_Forward) for MOTOR_Forward
    app.o(.ARM.exidx.text.App_LongSideStage) refers to app.o(.text.App_LongSideStage) for [Anonymous Symbol]
    app.o(.text.App_Rotate90degreeStage) refers to led.o(.text.Led_TurnOff) for Led_TurnOff
    app.o(.text.App_Rotate90degreeStage) refers to led.o(.text.Led_TurnOn) for Led_TurnOn
    app.o(.text.App_Rotate90degreeStage) refers to service.o(.text.Service_TimerStart) for Service_TimerStart
    app.o(.text.App_Rotate90degreeStage) refers to pwm.o(.text.Pwm_Start) for Pwm_Start
    app.o(.text.App_Rotate90degreeStage) refers to motor.o(.text.MOTOR_RotateRight) for MOTOR_RotateRight
    app.o(.ARM.exidx.text.App_Rotate90degreeStage) refers to app.o(.text.App_Rotate90degreeStage) for [Anonymous Symbol]
    app.o(.text.App_ShortSideStage) refers to led.o(.text.Led_TurnOff) for Led_TurnOff
    app.o(.text.App_ShortSideStage) refers to led.o(.text.Led_TurnOn) for Led_TurnOn
    app.o(.text.App_ShortSideStage) refers to service.o(.text.Service_TimerStart) for Service_TimerStart
    app.o(.text.App_ShortSideStage) refers to pwm.o(.text.Pwm_Start) for Pwm_Start
    app.o(.text.App_ShortSideStage) refers to motor.o(.text.MOTOR_Forward) for MOTOR_Forward
    app.o(.ARM.exidx.text.App_ShortSideStage) refers to app.o(.text.App_ShortSideStage) for [Anonymous Symbol]
    app.o(.text.App_start) refers to button.o(.text.Button_GetState) for Button_GetState
    app.o(.text.App_start) refers to app.o(.bss.g_u8StartFlag) for g_u8StartFlag
    app.o(.text.App_start) refers to app.o(.bss.g_u8Sequence) for g_u8Sequence
    app.o(.text.App_start) refers to app.o(.bss.g_u8TimerFlag) for g_u8TimerFlag
    app.o(.text.App_start) refers to app.o(.text.App_CarStopStage) for App_CarStopStage
    app.o(.text.App_start) refers to app.o(.text.App_Rotate90degreeStage) for App_Rotate90degreeStage
    app.o(.text.App_start) refers to app.o(.text.App_CarReadyStage) for App_CarReadyStage
    app.o(.text.App_start) refers to app.o(.text.App_LongSideStage) for App_LongSideStage
    app.o(.text.App_start) refers to app.o(.text.App_ShortSideStage) for App_ShortSideStage
    app.o(.ARM.exidx.text.App_start) refers to app.o(.text.App_start) for [Anonymous Symbol]
    button.o(.text.Button_Init) refers to port_lcfg.o(.rodata.Port_ConfigType) for Port_ConfigType
    button.o(.text.Button_Init) refers to port.o(.text.Port_Init) for Port_Init
    button.o(.ARM.exidx.text.Button_Init) refers to button.o(.text.Button_Init) for [Anonymous Symbol]
    button.o(.text.Button_GetState) refers to dio.o(.text.Dio_ReadChannel) for Dio_ReadChannel
    button.o(.ARM.exidx.text.Button_GetState) refers to button.o(.text.Button_GetState) for [Anonymous Symbol]
    button.o(.text.Button_IntSetCallback) refers to port.o(.text.Port_InterruptSetCallback) for Port_InterruptSetCallback
    button.o(.ARM.exidx.text.Button_IntSetCallback) refers to button.o(.text.Button_IntSetCallback) for [Anonymous Symbol]
    led.o(.text.Led_Init) refers to port_lcfg.o(.rodata.Port_ConfigType) for Port_ConfigType
    led.o(.text.Led_Init) refers to port.o(.text.Port_Init) for Port_Init
    led.o(.ARM.exidx.text.Led_Init) refers to led.o(.text.Led_Init) for [Anonymous Symbol]
    led.o(.text.Led_TurnOn) refers to dio.o(.text.Dio_WriteChannel) for Dio_WriteChannel
    led.o(.ARM.exidx.text.Led_TurnOn) refers to led.o(.text.Led_TurnOn) for [Anonymous Symbol]
    led.o(.text.Led_TurnOff) refers to dio.o(.text.Dio_WriteChannel) for Dio_WriteChannel
    led.o(.ARM.exidx.text.Led_TurnOff) refers to led.o(.text.Led_TurnOff) for [Anonymous Symbol]
    led.o(.text.Led_Toggle) refers to dio.o(.text.Dio_FlipChannel) for Dio_FlipChannel
    led.o(.ARM.exidx.text.Led_Toggle) refers to led.o(.text.Led_Toggle) for [Anonymous Symbol]
    led.o(.text.Led_RefreshOutput) refers to dio.o(.text.Dio_ReadChannel) for Dio_ReadChannel
    led.o(.text.Led_RefreshOutput) refers to dio.o(.text.Dio_WriteChannel) for Dio_WriteChannel
    led.o(.ARM.exidx.text.Led_RefreshOutput) refers to led.o(.text.Led_RefreshOutput) for [Anonymous Symbol]
    motor.o(.text.MOTOR_Init) refers to port_lcfg.o(.rodata.Port_ConfigType) for Port_ConfigType
    motor.o(.text.MOTOR_Init) refers to port.o(.text.Port_Init) for Port_Init
    motor.o(.ARM.exidx.text.MOTOR_Init) refers to motor.o(.text.MOTOR_Init) for [Anonymous Symbol]
    motor.o(.text.MOTOR_Forward) refers to dio.o(.text.Dio_WriteChannel) for Dio_WriteChannel
    motor.o(.ARM.exidx.text.MOTOR_Forward) refers to motor.o(.text.MOTOR_Forward) for [Anonymous Symbol]
    motor.o(.text.MOTOR_Backward) refers to dio.o(.text.Dio_WriteChannel) for Dio_WriteChannel
    motor.o(.ARM.exidx.text.MOTOR_Backward) refers to motor.o(.text.MOTOR_Backward) for [Anonymous Symbol]
    motor.o(.text.MOTOR_RotateRight) refers to dio.o(.text.Dio_WriteChannel) for Dio_WriteChannel
    motor.o(.ARM.exidx.text.MOTOR_RotateRight) refers to motor.o(.text.MOTOR_RotateRight) for [Anonymous Symbol]
    motor.o(.text.MOTOR_RotateLeft) refers to dio.o(.text.Dio_WriteChannel) for Dio_WriteChannel
    motor.o(.ARM.exidx.text.MOTOR_RotateLeft) refers to motor.o(.text.MOTOR_RotateLeft) for [Anonymous Symbol]
    motor.o(.text.MOTOR_Stop) refers to dio.o(.text.Dio_WriteChannel) for Dio_WriteChannel
    motor.o(.ARM.exidx.text.MOTOR_Stop) refers to motor.o(.text.MOTOR_Stop) for [Anonymous Symbol]
    pwm.o(.text.Pwm_Init) refers to pwm.o(.bss.g_TimerChannle) for g_TimerChannle
    pwm.o(.text.Pwm_Init) refers to pwm.o(.bss.g_DeviceChannel) for g_DeviceChannel
    pwm.o(.text.Pwm_Init) refers to gpt_lcfg.o(.data.Gpt_Config) for Gpt_Config
    pwm.o(.text.Pwm_Init) refers to pwm.o(.text.Pwm_CallBack) for Pwm_CallBack
    pwm.o(.text.Pwm_Init) refers to gpt.o(.text.Gpt_Init) for Gpt_Init
    pwm.o(.ARM.exidx.text.Pwm_Init) refers to pwm.o(.text.Pwm_Init) for [Anonymous Symbol]
    pwm.o(.text.Pwm_CallBack) refers to pwm.o(.data.g_u8flag) for g_u8flag
    pwm.o(.text.Pwm_CallBack) refers to pwm.o(.bss.g_u16OnPeriod) for g_u16OnPeriod
    pwm.o(.text.Pwm_CallBack) refers to pwm.o(.bss.g_TimerChannle) for g_TimerChannle
    pwm.o(.text.Pwm_CallBack) refers to pwm.o(.bss.g_u16OffPeriod) for g_u16OffPeriod
    pwm.o(.text.Pwm_CallBack) refers to gpt.o(.text.Gpt_StartTimer) for Gpt_StartTimer
    pwm.o(.text.Pwm_CallBack) refers to pwm.o(.bss.g_DeviceChannel) for g_DeviceChannel
    pwm.o(.text.Pwm_CallBack) refers to dio.o(.text.Dio_WriteChannel) for Dio_WriteChannel
    pwm.o(.ARM.exidx.text.Pwm_CallBack) refers to pwm.o(.text.Pwm_CallBack) for [Anonymous Symbol]
    pwm.o(.text.Pwm_Start) refers to pwm.o(.data.g_u16SignalDuration) for g_u16SignalDuration
    pwm.o(.text.Pwm_Start) refers to pwm.o(.bss.g_u16OnPeriod) for g_u16OnPeriod
    pwm.o(.text.Pwm_Start) refers to pwm.o(.bss.g_DeviceChannel) for g_DeviceChannel
    pwm.o(.text.Pwm_Start) refers to pwm.o(.bss.g_u16OffPeriod) for g_u16OffPeriod
    pwm.o(.text.Pwm_Start) refers to dio.o(.text.Dio_WriteChannel) for Dio_WriteChannel
    pwm.o(.text.Pwm_Start) refers to pwm.o(.bss.g_TimerChannle) for g_TimerChannle
    pwm.o(.text.Pwm_Start) refers to gpt.o(.text.Gpt_StartTimer) for Gpt_StartTimer
    pwm.o(.text.Pwm_Start) refers to pwm.o(.data.g_u8flag) for g_u8flag
    pwm.o(.ARM.exidx.text.Pwm_Start) refers to pwm.o(.text.Pwm_Start) for [Anonymous Symbol]
    pwm.o(.text.Pwm_Stop) refers to pwm.o(.bss.g_TimerChannle) for g_TimerChannle
    pwm.o(.text.Pwm_Stop) refers to gpt.o(.text.Gpt_StopTimer) for Gpt_StopTimer
    pwm.o(.text.Pwm_Stop) refers to pwm.o(.bss.g_DeviceChannel) for g_DeviceChannel
    pwm.o(.text.Pwm_Stop) refers to led.o(.text.Led_TurnOff) for Led_TurnOff
    pwm.o(.ARM.exidx.text.Pwm_Stop) refers to pwm.o(.text.Pwm_Stop) for [Anonymous Symbol]
    service.o(.text.Service_TimerInit) refers to gpt_lcfg.o(.data.Gpt_Config) for Gpt_Config
    service.o(.text.Service_TimerInit) refers to gpt.o(.text.Gpt_Init) for Gpt_Init
    service.o(.ARM.exidx.text.Service_TimerInit) refers to service.o(.text.Service_TimerInit) for [Anonymous Symbol]
    service.o(.text.Service_TimerStart) refers to gpt.o(.text.Gpt_StartTimer) for Gpt_StartTimer
    service.o(.ARM.exidx.text.Service_TimerStart) refers to service.o(.text.Service_TimerStart) for [Anonymous Symbol]
    dio.o(.text.Dio_ReadChannel) refers to dio_lcfg.o(.rodata.configList) for configList
    dio.o(.ARM.exidx.text.Dio_ReadChannel) refers to dio.o(.text.Dio_ReadChannel) for [Anonymous Symbol]
    dio.o(.text.Dio_WriteChannel) refers to dio_lcfg.o(.rodata.configList) for configList
    dio.o(.ARM.exidx.text.Dio_WriteChannel) refers to dio.o(.text.Dio_WriteChannel) for [Anonymous Symbol]
    dio.o(.text.Dio_FlipChannel) refers to dio_lcfg.o(.rodata.configList) for configList
    dio.o(.ARM.exidx.text.Dio_FlipChannel) refers to dio.o(.text.Dio_FlipChannel) for [Anonymous Symbol]
    dio.o(.text.Dio_ReadPort) refers to dio_lcfg.o(.rodata.configList) for configList
    dio.o(.ARM.exidx.text.Dio_ReadPort) refers to dio.o(.text.Dio_ReadPort) for [Anonymous Symbol]
    dio.o(.text.Dio_WritePort) refers to dio_lcfg.o(.rodata.configList) for configList
    dio.o(.ARM.exidx.text.Dio_WritePort) refers to dio.o(.text.Dio_WritePort) for [Anonymous Symbol]
    gpt.o(.ARM.exidx.text.Gpt_Init) refers to gpt.o(.text.Gpt_Init) for [Anonymous Symbol]
    gpt.o(.text.Gpt_DisableNotification) refers to gpt_lcfg.o(.data.Gpt_Config) for Gpt_Config
    gpt.o(.ARM.exidx.text.Gpt_DisableNotification) refers to gpt.o(.text.Gpt_DisableNotification) for [Anonymous Symbol]
    gpt.o(.text.Gpt_EnableNotification) refers to gpt_lcfg.o(.data.Gpt_Config) for Gpt_Config
    gpt.o(.ARM.exidx.text.Gpt_EnableNotification) refers to gpt.o(.text.Gpt_EnableNotification) for [Anonymous Symbol]
    gpt.o(.text.Gpt_StartTimer) refers to gpt_lcfg.o(.data.Gpt_Config) for Gpt_Config
    gpt.o(.ARM.exidx.text.Gpt_StartTimer) refers to gpt.o(.text.Gpt_StartTimer) for [Anonymous Symbol]
    gpt.o(.text.Gpt_StopTimer) refers to gpt_lcfg.o(.data.Gpt_Config) for Gpt_Config
    gpt.o(.ARM.exidx.text.Gpt_StopTimer) refers to gpt.o(.text.Gpt_StopTimer) for [Anonymous Symbol]
    gpt.o(.text.Gpt_GetTimeElapsed) refers to gpt_lcfg.o(.data.Gpt_Config) for Gpt_Config
    gpt.o(.ARM.exidx.text.Gpt_GetTimeElapsed) refers to gpt.o(.text.Gpt_GetTimeElapsed) for [Anonymous Symbol]
    gpt.o(.text.Gpt_GetTimeRemaining) refers to gpt_lcfg.o(.data.Gpt_Config) for Gpt_Config
    gpt.o(.ARM.exidx.text.Gpt_GetTimeRemaining) refers to gpt.o(.text.Gpt_GetTimeRemaining) for [Anonymous Symbol]
    gpt.o(.ARM.exidx.text.Gpt_GetPredefTimerValue) refers to gpt.o(.text.Gpt_GetPredefTimerValue) for [Anonymous Symbol]
    gpt_lcfg.o(.text.Gpt_Notification_0) refers to dio.o(.text.Dio_FlipChannel) for Dio_FlipChannel
    gpt_lcfg.o(.text.Gpt_Notification_0) refers to gpt_lcfg.o(.bss.Timer0_Counter) for Timer0_Counter
    gpt_lcfg.o(.ARM.exidx.text.Gpt_Notification_0) refers to gpt_lcfg.o(.text.Gpt_Notification_0) for [Anonymous Symbol]
    gpt_lcfg.o(.text.Gpt_Notification_1) refers to gpt_lcfg.o(.bss.Timer0_Counter) for Timer0_Counter
    gpt_lcfg.o(.ARM.exidx.text.Gpt_Notification_1) refers to gpt_lcfg.o(.text.Gpt_Notification_1) for [Anonymous Symbol]
    gpt_lcfg.o(.ARM.exidx.text.Gpt_Notification_2) refers to gpt_lcfg.o(.text.Gpt_Notification_2) for [Anonymous Symbol]
    gpt_lcfg.o(.ARM.exidx.text.Gpt_Notification_3) refers to gpt_lcfg.o(.text.Gpt_Notification_3) for [Anonymous Symbol]
    gpt_lcfg.o(.ARM.exidx.text.Gpt_Notification_4) refers to gpt_lcfg.o(.text.Gpt_Notification_4) for [Anonymous Symbol]
    gpt_lcfg.o(.ARM.exidx.text.Gpt_Notification_5) refers to gpt_lcfg.o(.text.Gpt_Notification_5) for [Anonymous Symbol]
    gpt_lcfg.o(.ARM.exidx.text.Gpt_Notification_6) refers to gpt_lcfg.o(.text.Gpt_Notification_6) for [Anonymous Symbol]
    gpt_lcfg.o(.ARM.exidx.text.Gpt_Notification_7) refers to gpt_lcfg.o(.text.Gpt_Notification_7) for [Anonymous Symbol]
    gpt_lcfg.o(.ARM.exidx.text.Gpt_Notification_8) refers to gpt_lcfg.o(.text.Gpt_Notification_8) for [Anonymous Symbol]
    gpt_lcfg.o(.ARM.exidx.text.Gpt_Notification_9) refers to gpt_lcfg.o(.text.Gpt_Notification_9) for [Anonymous Symbol]
    gpt_lcfg.o(.ARM.exidx.text.Gpt_Notification_10) refers to gpt_lcfg.o(.text.Gpt_Notification_10) for [Anonymous Symbol]
    gpt_lcfg.o(.ARM.exidx.text.Gpt_Notification_11) refers to gpt_lcfg.o(.text.Gpt_Notification_11) for [Anonymous Symbol]
    gpt_lcfg.o(.text.TIMER0A_Handler) refers to gpt_lcfg.o(.data.Gpt_Config) for Gpt_Config
    gpt_lcfg.o(.ARM.exidx.text.TIMER0A_Handler) refers to gpt_lcfg.o(.text.TIMER0A_Handler) for [Anonymous Symbol]
    gpt_lcfg.o(.text.TIMER1A_Handler) refers to gpt_lcfg.o(.data.Gpt_Config) for Gpt_Config
    gpt_lcfg.o(.ARM.exidx.text.TIMER1A_Handler) refers to gpt_lcfg.o(.text.TIMER1A_Handler) for [Anonymous Symbol]
    gpt_lcfg.o(.data.Gpt_Config) refers to gpt_lcfg.o(.text.Gpt_Notification_0) for Gpt_Notification_0
    gpt_lcfg.o(.data.Gpt_Config) refers to gpt_lcfg.o(.text.Gpt_Notification_1) for Gpt_Notification_1
    gpt_lcfg.o(.data.Gpt_Config) refers to gpt_lcfg.o(.text.Gpt_Notification_2) for Gpt_Notification_2
    gpt_lcfg.o(.data.Gpt_Config) refers to gpt_lcfg.o(.text.Gpt_Notification_3) for Gpt_Notification_3
    gpt_lcfg.o(.data.Gpt_Config) refers to gpt_lcfg.o(.text.Gpt_Notification_4) for Gpt_Notification_4
    gpt_lcfg.o(.data.Gpt_Config) refers to gpt_lcfg.o(.text.Gpt_Notification_5) for Gpt_Notification_5
    gpt_lcfg.o(.data.Gpt_Config) refers to gpt_lcfg.o(.text.Gpt_Notification_6) for Gpt_Notification_6
    gpt_lcfg.o(.data.Gpt_Config) refers to gpt_lcfg.o(.text.Gpt_Notification_7) for Gpt_Notification_7
    gpt_lcfg.o(.data.Gpt_Config) refers to gpt_lcfg.o(.text.Gpt_Notification_8) for Gpt_Notification_8
    gpt_lcfg.o(.data.Gpt_Config) refers to gpt_lcfg.o(.text.Gpt_Notification_9) for Gpt_Notification_9
    gpt_lcfg.o(.data.Gpt_Config) refers to gpt_lcfg.o(.text.Gpt_Notification_10) for Gpt_Notification_10
    gpt_lcfg.o(.data.Gpt_Config) refers to gpt_lcfg.o(.text.Gpt_Notification_11) for Gpt_Notification_11
    port.o(.ARM.exidx.text.Port_Init) refers to port.o(.text.Port_Init) for [Anonymous Symbol]
    port.o(.ARM.exidx.text.Port_InterruptEnable) refers to port.o(.text.Port_InterruptEnable) for [Anonymous Symbol]
    port.o(.text.Port_InterruptSetCallback) refers to port.o(.bss.IntPtrf) for IntPtrf
    port.o(.ARM.exidx.text.Port_InterruptSetCallback) refers to port.o(.text.Port_InterruptSetCallback) for [Anonymous Symbol]
    port.o(.text.GPIOF_Handler) refers to port.o(.bss.IntPtrf) for IntPtrf
    port.o(.ARM.exidx.text.GPIOF_Handler) refers to port.o(.text.GPIOF_Handler) for [Anonymous Symbol]
    startup_tm4c123.o(STACK) refers (Special) to heapauxi.o(.text) for __use_two_region_memory
    startup_tm4c123.o(HEAP) refers (Special) to heapauxi.o(.text) for __use_two_region_memory
    startup_tm4c123.o(RESET) refers (Special) to heapauxi.o(.text) for __use_two_region_memory
    startup_tm4c123.o(RESET) refers to startup_tm4c123.o(STACK) for __initial_sp
    startup_tm4c123.o(RESET) refers to startup_tm4c123.o(.text) for Reset_Handler
    startup_tm4c123.o(RESET) refers to gpt_lcfg.o(.text.TIMER0A_Handler) for TIMER0A_Handler
    startup_tm4c123.o(RESET) refers to gpt_lcfg.o(.text.TIMER1A_Handler) for TIMER1A_Handler
    startup_tm4c123.o(RESET) refers to port.o(.text.GPIOF_Handler) for GPIOF_Handler
    startup_tm4c123.o(.text) refers (Special) to heapauxi.o(.text) for __use_two_region_memory
    startup_tm4c123.o(.text) refers to system_tm4c123.o(.text.SystemInit) for SystemInit
    startup_tm4c123.o(.text) refers to __main.o(!!!main) for __main
    startup_tm4c123.o(.text) refers to startup_tm4c123.o(HEAP) for Heap_Mem
    startup_tm4c123.o(.text) refers to startup_tm4c123.o(STACK) for Stack_Mem
    system_tm4c123.o(.text.SystemCoreClockUpdate) refers to system_tm4c123.o(.text.getOscClk) for getOscClk
    system_tm4c123.o(.text.SystemCoreClockUpdate) refers to system_tm4c123.o(.data.SystemCoreClock) for SystemCoreClock
    system_tm4c123.o(.ARM.exidx.text.SystemCoreClockUpdate) refers to system_tm4c123.o(.text.SystemCoreClockUpdate) for [Anonymous Symbol]
    system_tm4c123.o(.text.getOscClk) refers to system_tm4c123.o(.rodata..Lswitch.table.getOscClk) for .Lswitch.table.getOscClk
    system_tm4c123.o(.ARM.exidx.text.getOscClk) refers to system_tm4c123.o(.text.getOscClk) for [Anonymous Symbol]
    system_tm4c123.o(.ARM.exidx.text.SystemInit) refers to system_tm4c123.o(.text.SystemInit) for [Anonymous Symbol]
    __main.o(!!!main) refers to __rtentry.o(.ARM.Collect$$rtentry$$00000000) for __rt_entry
    __rtentry.o(.ARM.Collect$$rtentry$$00000000) refers (Special) to __rtentry2.o(.ARM.Collect$$rtentry$$0000000A) for __rt_entry_li
    __rtentry.o(.ARM.Collect$$rtentry$$00000000) refers (Special) to __rtentry2.o(.ARM.Collect$$rtentry$$0000000D) for __rt_entry_main
    __rtentry.o(.ARM.Collect$$rtentry$$00000000) refers (Special) to __rtentry2.o(.ARM.Collect$$rtentry$$0000000C) for __rt_entry_postli_1
    __rtentry.o(.ARM.Collect$$rtentry$$00000000) refers (Special) to __rtentry2.o(.ARM.Collect$$rtentry$$00000009) for __rt_entry_postsh_1
    __rtentry.o(.ARM.Collect$$rtentry$$00000000) refers (Special) to __rtentry2.o(.ARM.Collect$$rtentry$$00000002) for __rt_entry_presh_1
    __rtentry.o(.ARM.Collect$$rtentry$$00000000) refers (Special) to __rtentry4.o(.ARM.Collect$$rtentry$$00000004) for __rt_entry_sh
    __rtentry2.o(.ARM.Collect$$rtentry$$00000008) refers to boardinit2.o(.text) for _platform_post_stackheap_init
    __rtentry2.o(.ARM.Collect$$rtentry$$0000000A) refers to libinit.o(.ARM.Collect$$libinit$$00000000) for __rt_lib_init
    __rtentry2.o(.ARM.Collect$$rtentry$$0000000B) refers to boardinit3.o(.text) for _platform_post_lib_init
    __rtentry2.o(.ARM.Collect$$rtentry$$0000000D) refers to exit.o(.text) for exit
    __rtentry2.o(.ARM.exidx) refers to __rtentry2.o(.ARM.Collect$$rtentry$$00000001) for .ARM.Collect$$rtentry$$00000001
    __rtentry2.o(.ARM.exidx) refers to __rtentry2.o(.ARM.Collect$$rtentry$$00000008) for .ARM.Collect$$rtentry$$00000008
    __rtentry2.o(.ARM.exidx) refers to __rtentry2.o(.ARM.Collect$$rtentry$$0000000A) for .ARM.Collect$$rtentry$$0000000A
    __rtentry2.o(.ARM.exidx) refers to __rtentry2.o(.ARM.Collect$$rtentry$$0000000B) for .ARM.Collect$$rtentry$$0000000B
    __rtentry2.o(.ARM.exidx) refers to __rtentry2.o(.ARM.Collect$$rtentry$$0000000D) for .ARM.Collect$$rtentry$$0000000D
    __rtentry4.o(.ARM.Collect$$rtentry$$00000004) refers to sys_stackheap_outer.o(.text) for __user_setup_stackheap
    __rtentry4.o(.ARM.exidx) refers to __rtentry4.o(.ARM.Collect$$rtentry$$00000004) for .ARM.Collect$$rtentry$$00000004
    sys_stackheap_outer.o(.text) refers to libspace.o(.text) for __user_perproc_libspace
    sys_stackheap_outer.o(.text) refers to startup_tm4c123.o(.text) for __user_initial_stackheap
    exit.o(.text) refers to rtexit.o(.ARM.Collect$$rtexit$$00000000) for __rt_exit
    libinit.o(.ARM.Collect$$libinit$$00000000) refers (Special) to libinit2.o(.ARM.Collect$$libinit$$0000002E) for __rt_lib_init_alloca_1
    libinit.o(.ARM.Collect$$libinit$$00000000) refers (Special) to libinit2.o(.ARM.Collect$$libinit$$00000027) for __rt_lib_init_argv_1
    libinit.o(.ARM.Collect$$libinit$$00000000) refers (Special) to libinit2.o(.ARM.Collect$$libinit$$0000001B) for __rt_lib_init_atexit_1
    libinit.o(.ARM.Collect$$libinit$$00000000) refers (Special) to libinit2.o(.ARM.Collect$$libinit$$00000021) for __rt_lib_init_clock_1
    libinit.o(.ARM.Collect$$libinit$$00000000) refers (Special) to libinit2.o(.ARM.Collect$$libinit$$00000032) for __rt_lib_init_cpp_1
    libinit.o(.ARM.Collect$$libinit$$00000000) refers (Special) to libinit2.o(.ARM.Collect$$libinit$$00000030) for __rt_lib_init_exceptions_1
    libinit.o(.ARM.Collect$$libinit$$00000000) refers (Special) to libinit2.o(.ARM.Collect$$libinit$$00000001) for __rt_lib_init_fp_1
    libinit.o(.ARM.Collect$$libinit$$00000000) refers (Special) to libinit2.o(.ARM.Collect$$libinit$$0000001F) for __rt_lib_init_fp_trap_1
    libinit.o(.ARM.Collect$$libinit$$00000000) refers (Special) to libinit2.o(.ARM.Collect$$libinit$$00000023) for __rt_lib_init_getenv_1
    libinit.o(.ARM.Collect$$libinit$$00000000) refers (Special) to libinit2.o(.ARM.Collect$$libinit$$0000000A) for __rt_lib_init_heap_1
    libinit.o(.ARM.Collect$$libinit$$00000000) refers (Special) to libinit2.o(.ARM.Collect$$libinit$$00000011) for __rt_lib_init_lc_collate_1
    libinit.o(.ARM.Collect$$libinit$$00000000) refers (Special) to libinit2.o(.ARM.Collect$$libinit$$00000013) for __rt_lib_init_lc_ctype_1
    libinit.o(.ARM.Collect$$libinit$$00000000) refers (Special) to libinit2.o(.ARM.Collect$$libinit$$00000015) for __rt_lib_init_lc_monetary_1
    libinit.o(.ARM.Collect$$libinit$$00000000) refers (Special) to libinit2.o(.ARM.Collect$$libinit$$00000017) for __rt_lib_init_lc_numeric_1
    libinit.o(.ARM.Collect$$libinit$$00000000) refers (Special) to libinit2.o(.ARM.Collect$$libinit$$00000019) for __rt_lib_init_lc_time_1
    libinit.o(.ARM.Collect$$libinit$$00000000) refers (Special) to libinit2.o(.ARM.Collect$$libinit$$00000004) for __rt_lib_init_preinit_1
    libinit.o(.ARM.Collect$$libinit$$00000000) refers (Special) to libinit2.o(.ARM.Collect$$libinit$$0000000E) for __rt_lib_init_rand_1
    libinit.o(.ARM.Collect$$libinit$$00000000) refers (Special) to libinit2.o(.ARM.Collect$$libinit$$00000033) for __rt_lib_init_return
    libinit.o(.ARM.Collect$$libinit$$00000000) refers (Special) to libinit2.o(.ARM.Collect$$libinit$$0000001D) for __rt_lib_init_signal_1
    libinit.o(.ARM.Collect$$libinit$$00000000) refers (Special) to libinit2.o(.ARM.Collect$$libinit$$00000025) for __rt_lib_init_stdio_1
    libinit.o(.ARM.Collect$$libinit$$00000000) refers (Special) to libinit2.o(.ARM.Collect$$libinit$$0000000C) for __rt_lib_init_user_alloc_1
    libspace.o(.text) refers to libspace.o(.bss) for __libspace_start
    rtexit.o(.ARM.Collect$$rtexit$$00000000) refers (Special) to rtexit2.o(.ARM.Collect$$rtexit$$00000004) for __rt_exit_exit
    rtexit.o(.ARM.Collect$$rtexit$$00000000) refers (Special) to rtexit2.o(.ARM.Collect$$rtexit$$00000003) for __rt_exit_ls
    rtexit.o(.ARM.Collect$$rtexit$$00000000) refers (Special) to rtexit2.o(.ARM.Collect$$rtexit$$00000002) for __rt_exit_prels_1
    rtexit.o(.ARM.exidx) refers (Special) to rtexit2.o(.ARM.Collect$$rtexit$$00000004) for __rt_exit_exit
    rtexit.o(.ARM.exidx) refers (Special) to rtexit2.o(.ARM.Collect$$rtexit$$00000003) for __rt_exit_ls
    rtexit.o(.ARM.exidx) refers (Special) to rtexit2.o(.ARM.Collect$$rtexit$$00000002) for __rt_exit_prels_1
    rtexit.o(.ARM.exidx) refers to rtexit.o(.ARM.Collect$$rtexit$$00000000) for .ARM.Collect$$rtexit$$00000000
    libinit2.o(.ARM.Collect$$libinit$$00000001) refers to fpinit.o(x$fpl$fpinit) for _fp_init
    libinit2.o(.ARM.Collect$$libinit$$00000010) refers to libinit2.o(.ARM.Collect$$libinit$$0000000F) for .ARM.Collect$$libinit$$0000000F
    libinit2.o(.ARM.Collect$$libinit$$00000012) refers to libinit2.o(.ARM.Collect$$libinit$$0000000F) for .ARM.Collect$$libinit$$0000000F
    libinit2.o(.ARM.Collect$$libinit$$00000014) refers to libinit2.o(.ARM.Collect$$libinit$$0000000F) for .ARM.Collect$$libinit$$0000000F
    libinit2.o(.ARM.Collect$$libinit$$00000016) refers to libinit2.o(.ARM.Collect$$libinit$$0000000F) for .ARM.Collect$$libinit$$0000000F
    libinit2.o(.ARM.Collect$$libinit$$00000018) refers to libinit2.o(.ARM.Collect$$libinit$$0000000F) for .ARM.Collect$$libinit$$0000000F
    libinit2.o(.ARM.Collect$$libinit$$00000026) refers to argv_veneer.o(.emb_text) for __ARM_argv_veneer
    libinit2.o(.ARM.Collect$$libinit$$00000027) refers to argv_veneer.o(.emb_text) for __ARM_argv_veneer
    rtexit2.o(.ARM.Collect$$rtexit$$00000003) refers to libshutdown.o(.ARM.Collect$$libshutdown$$00000000) for __rt_lib_shutdown
    rtexit2.o(.ARM.Collect$$rtexit$$00000004) refers to sys_exit.o(.text) for _sys_exit
    rtexit2.o(.ARM.exidx) refers to rtexit2.o(.ARM.Collect$$rtexit$$00000001) for .ARM.Collect$$rtexit$$00000001
    rtexit2.o(.ARM.exidx) refers to rtexit2.o(.ARM.Collect$$rtexit$$00000003) for .ARM.Collect$$rtexit$$00000003
    rtexit2.o(.ARM.exidx) refers to rtexit2.o(.ARM.Collect$$rtexit$$00000004) for .ARM.Collect$$rtexit$$00000004
    argv_veneer.o(.emb_text) refers to _get_argv_nomalloc.o(.text) for __ARM_get_argv
    sys_exit.o(.text) refers (Special) to use_no_semi.o(.text) for __I$use$semihosting
    sys_exit.o(.text) refers (Special) to indicate_semi.o(.text) for __semihosting_library_function
    sys_exit_hlt.o(.text) refers (Special) to use_no_semi.o(.text) for __I$use$semihosting
    sys_exit_hlt.o(.text) refers (Special) to indicate_semi.o(.text) for __semihosting_library_function
    _get_argv_nomalloc.o(.text) refers (Special) to hrguard.o(.text) for __heap_region$guard
    _get_argv_nomalloc.o(.text) refers to defsig_rtmem_outer.o(.text) for __rt_SIGRTMEM
    _get_argv_nomalloc.o(.text) refers to sys_command.o(.text) for _sys_command_string
    libshutdown.o(.ARM.Collect$$libshutdown$$00000000) refers (Special) to libshutdown2.o(.ARM.Collect$$libshutdown$$00000002) for __rt_lib_shutdown_cpp_1
    libshutdown.o(.ARM.Collect$$libshutdown$$00000000) refers (Special) to libshutdown2.o(.ARM.Collect$$libshutdown$$00000007) for __rt_lib_shutdown_fp_trap_1
    libshutdown.o(.ARM.Collect$$libshutdown$$00000000) refers (Special) to libshutdown2.o(.ARM.Collect$$libshutdown$$0000000F) for __rt_lib_shutdown_heap_1
    libshutdown.o(.ARM.Collect$$libshutdown$$00000000) refers (Special) to libshutdown2.o(.ARM.Collect$$libshutdown$$00000010) for __rt_lib_shutdown_return
    libshutdown.o(.ARM.Collect$$libshutdown$$00000000) refers (Special) to libshutdown2.o(.ARM.Collect$$libshutdown$$0000000A) for __rt_lib_shutdown_signal_1
    libshutdown.o(.ARM.Collect$$libshutdown$$00000000) refers (Special) to libshutdown2.o(.ARM.Collect$$libshutdown$$00000004) for __rt_lib_shutdown_stdio_1
    libshutdown.o(.ARM.Collect$$libshutdown$$00000000) refers (Special) to libshutdown2.o(.ARM.Collect$$libshutdown$$0000000C) for __rt_lib_shutdown_user_alloc_1
    sys_command.o(.text) refers (Special) to use_no_semi.o(.text) for __I$use$semihosting
    sys_command.o(.text) refers (Special) to indicate_semi.o(.text) for __semihosting_library_function
    sys_command_hlt.o(.text) refers (Special) to use_no_semi.o(.text) for __I$use$semihosting
    sys_command_hlt.o(.text) refers (Special) to indicate_semi.o(.text) for __semihosting_library_function
    defsig_rtmem_outer.o(.text) refers to defsig_rtmem_inner.o(.text) for __rt_SIGRTMEM_inner
    defsig_rtmem_outer.o(.text) refers to defsig_exit.o(.text) for __sig_exit
    defsig_rtmem_formal.o(.text) refers to rt_raise.o(.text) for __rt_raise
    rt_raise.o(.text) refers to __raise.o(.text) for __raise
    rt_raise.o(.text) refers to sys_exit.o(.text) for _sys_exit
    defsig_exit.o(.text) refers to sys_exit.o(.text) for _sys_exit
    defsig_rtmem_inner.o(.text) refers to defsig_general.o(.text) for __default_signal_display
    __raise.o(.text) refers to defsig.o(CL$$defsig) for __default_signal_handler
    defsig_general.o(.text) refers to sys_wrch.o(.text) for _ttywrch
    sys_wrch.o(.text) refers (Special) to use_no_semi.o(.text) for __I$use$semihosting
    sys_wrch.o(.text) refers (Special) to indicate_semi.o(.text) for __semihosting_library_function
    sys_wrch_hlt.o(.text) refers (Special) to use_no_semi.o(.text) for __I$use$semihosting
    sys_wrch_hlt.o(.text) refers (Special) to indicate_semi.o(.text) for __semihosting_library_function
    defsig.o(CL$$defsig) refers to defsig_rtmem_inner.o(.text) for __rt_SIGRTMEM_inner
    defsig_abrt_inner.o(.text) refers to defsig_general.o(.text) for __default_signal_display
    defsig_fpe_inner.o(.text) refers to defsig_general.o(.text) for __default_signal_display
    defsig_rtred_inner.o(.text) refers to defsig_general.o(.text) for __default_signal_display
    defsig_stak_inner.o(.text) refers to defsig_general.o(.text) for __default_signal_display
    defsig_pvfn_inner.o(.text) refers to defsig_general.o(.text) for __default_signal_display
    defsig_cppl_inner.o(.text) refers to defsig_general.o(.text) for __default_signal_display
    defsig_segv_inner.o(.text) refers to defsig_general.o(.text) for __default_signal_display
    defsig_other.o(.text) refers to defsig_general.o(.text) for __default_signal_display


==============================================================================

Removing Unused input sections from the image.

    Removing app.o(.text), (0 bytes).
    Removing app.o(.text.App_ButtonInterrupt), (40 bytes).
    Removing app.o(.ARM.exidx.text.App_ButtonInterrupt), (8 bytes).
    Removing app.o(.text.App_init), (52 bytes).
    Removing app.o(.ARM.exidx.text.App_init), (8 bytes).
    Removing app.o(.text.App_SequenceChange), (34 bytes).
    Removing app.o(.ARM.exidx.text.App_SequenceChange), (8 bytes).
    Removing app.o(.text.App_CarReadyStage), (48 bytes).
    Removing app.o(.ARM.exidx.text.App_CarReadyStage), (8 bytes).
    Removing app.o(.text.App_CarStopStage), (48 bytes).
    Removing app.o(.ARM.exidx.text.App_CarStopStage), (8 bytes).
    Removing app.o(.text.App_LongSideStage), (50 bytes).
    Removing app.o(.ARM.exidx.text.App_LongSideStage), (8 bytes).
    Removing app.o(.text.App_Rotate90degreeStage), (62 bytes).
    Removing app.o(.ARM.exidx.text.App_Rotate90degreeStage), (8 bytes).
    Removing app.o(.text.App_ShortSideStage), (50 bytes).
    Removing app.o(.ARM.exidx.text.App_ShortSideStage), (8 bytes).
    Removing app.o(.text.App_start), (148 bytes).
    Removing app.o(.ARM.exidx.text.App_start), (8 bytes).
    Removing app.o(.bss.g_u8StartFlag), (1 bytes).
    Removing app.o(.bss.g_u8Sequence), (1 bytes).
    Removing app.o(.bss.g_u8TimerFlag), (1 bytes).
    Removing button.o(.text), (0 bytes).
    Removing button.o(.text.Button_Init), (12 bytes).
    Removing button.o(.ARM.exidx.text.Button_Init), (8 bytes).
    Removing button.o(.text.Button_GetState), (42 bytes).
    Removing button.o(.ARM.exidx.text.Button_GetState), (8 bytes).
    Removing button.o(.text.Button_IntSetCallback), (18 bytes).
    Removing button.o(.ARM.exidx.text.Button_IntSetCallback), (8 bytes).
    Removing led.o(.text), (0 bytes).
    Removing led.o(.text.Led_Init), (12 bytes).
    Removing led.o(.ARM.exidx.text.Led_Init), (8 bytes).
    Removing led.o(.text.Led_TurnOn), (6 bytes).
    Removing led.o(.ARM.exidx.text.Led_TurnOn), (8 bytes).
    Removing led.o(.text.Led_TurnOff), (6 bytes).
    Removing led.o(.ARM.exidx.text.Led_TurnOff), (8 bytes).
    Removing led.o(.text.Led_Toggle), (4 bytes).
    Removing led.o(.ARM.exidx.text.Led_Toggle), (8 bytes).
    Removing led.o(.text.Led_RefreshOutput), (20 bytes).
    Removing led.o(.ARM.exidx.text.Led_RefreshOutput), (8 bytes).
    Removing motor.o(.text), (0 bytes).
    Removing motor.o(.text.MOTOR_Init), (18 bytes).
    Removing motor.o(.ARM.exidx.text.MOTOR_Init), (8 bytes).
    Removing motor.o(.text.MOTOR_Forward), (38 bytes).
    Removing motor.o(.ARM.exidx.text.MOTOR_Forward), (8 bytes).
    Removing motor.o(.text.MOTOR_Backward), (38 bytes).
    Removing motor.o(.ARM.exidx.text.MOTOR_Backward), (8 bytes).
    Removing motor.o(.text.MOTOR_RotateRight), (38 bytes).
    Removing motor.o(.ARM.exidx.text.MOTOR_RotateRight), (8 bytes).
    Removing motor.o(.text.MOTOR_RotateLeft), (38 bytes).
    Removing motor.o(.ARM.exidx.text.MOTOR_RotateLeft), (8 bytes).
    Removing motor.o(.text.MOTOR_Stop), (38 bytes).
    Removing motor.o(.ARM.exidx.text.MOTOR_Stop), (8 bytes).
    Removing pwm.o(.text), (0 bytes).
    Removing pwm.o(.text.Pwm_Init), (58 bytes).
    Removing pwm.o(.ARM.exidx.text.Pwm_Init), (8 bytes).
    Removing pwm.o(.text.Pwm_CallBack), (94 bytes).
    Removing pwm.o(.ARM.exidx.text.Pwm_CallBack), (8 bytes).
    Removing pwm.o(.text.Pwm_Start), (108 bytes).
    Removing pwm.o(.ARM.exidx.text.Pwm_Start), (8 bytes).
    Removing pwm.o(.text.Pwm_Stop), (34 bytes).
    Removing pwm.o(.ARM.exidx.text.Pwm_Stop), (8 bytes).
    Removing pwm.o(.data.g_u16SignalDuration), (2 bytes).
    Removing pwm.o(.bss.g_TimerChannle), (1 bytes).
    Removing pwm.o(.bss.g_DeviceChannel), (1 bytes).
    Removing pwm.o(.bss.g_u16OnPeriod), (2 bytes).
    Removing pwm.o(.bss.g_u16OffPeriod), (2 bytes).
    Removing pwm.o(.data.g_u8flag), (1 bytes).
    Removing service.o(.text), (0 bytes).
    Removing service.o(.text.Service_TimerInit), (46 bytes).
    Removing service.o(.ARM.exidx.text.Service_TimerInit), (8 bytes).
    Removing service.o(.text.Service_TimerStart), (18 bytes).
    Removing service.o(.ARM.exidx.text.Service_TimerStart), (8 bytes).
    Removing dio.o(.text), (0 bytes).
    Removing dio.o(.text.Dio_ReadChannel), (108 bytes).
    Removing dio.o(.ARM.exidx.text.Dio_ReadChannel), (8 bytes).
    Removing dio.o(.text.Dio_WriteChannel), (140 bytes).
    Removing dio.o(.ARM.exidx.text.Dio_WriteChannel), (8 bytes).
    Removing dio.o(.ARM.exidx.text.Dio_FlipChannel), (8 bytes).
    Removing dio.o(.text.Dio_ReadPort), (72 bytes).
    Removing dio.o(.ARM.exidx.text.Dio_ReadPort), (8 bytes).
    Removing dio.o(.text.Dio_WritePort), (76 bytes).
    Removing dio.o(.ARM.exidx.text.Dio_WritePort), (8 bytes).
    Removing dio_lcfg.o(.text), (0 bytes).
    Removing gpt.o(.text), (0 bytes).
    Removing gpt.o(.text.Gpt_Init), (452 bytes).
    Removing gpt.o(.ARM.exidx.text.Gpt_Init), (8 bytes).
    Removing gpt.o(.text.Gpt_DisableNotification), (276 bytes).
    Removing gpt.o(.ARM.exidx.text.Gpt_DisableNotification), (8 bytes).
    Removing gpt.o(.text.Gpt_EnableNotification), (284 bytes).
    Removing gpt.o(.ARM.exidx.text.Gpt_EnableNotification), (8 bytes).
    Removing gpt.o(.text.Gpt_StartTimer), (290 bytes).
    Removing gpt.o(.ARM.exidx.text.Gpt_StartTimer), (8 bytes).
    Removing gpt.o(.text.Gpt_StopTimer), (124 bytes).
    Removing gpt.o(.ARM.exidx.text.Gpt_StopTimer), (8 bytes).
    Removing gpt.o(.text.Gpt_GetTimeElapsed), (298 bytes).
    Removing gpt.o(.ARM.exidx.text.Gpt_GetTimeElapsed), (8 bytes).
    Removing gpt.o(.text.Gpt_GetTimeRemaining), (310 bytes).
    Removing gpt.o(.ARM.exidx.text.Gpt_GetTimeRemaining), (8 bytes).
    Removing gpt.o(.text.Gpt_GetPredefTimerValue), (4 bytes).
    Removing gpt.o(.ARM.exidx.text.Gpt_GetPredefTimerValue), (8 bytes).
    Removing gpt_lcfg.o(.text), (0 bytes).
    Removing gpt_lcfg.o(.ARM.exidx.text.Gpt_Notification_0), (8 bytes).
    Removing gpt_lcfg.o(.ARM.exidx.text.Gpt_Notification_1), (8 bytes).
    Removing gpt_lcfg.o(.ARM.exidx.text.Gpt_Notification_2), (8 bytes).
    Removing gpt_lcfg.o(.ARM.exidx.text.Gpt_Notification_3), (8 bytes).
    Removing gpt_lcfg.o(.ARM.exidx.text.Gpt_Notification_4), (8 bytes).
    Removing gpt_lcfg.o(.ARM.exidx.text.Gpt_Notification_5), (8 bytes).
    Removing gpt_lcfg.o(.ARM.exidx.text.Gpt_Notification_6), (8 bytes).
    Removing gpt_lcfg.o(.ARM.exidx.text.Gpt_Notification_7), (8 bytes).
    Removing gpt_lcfg.o(.ARM.exidx.text.Gpt_Notification_8), (8 bytes).
    Removing gpt_lcfg.o(.ARM.exidx.text.Gpt_Notification_9), (8 bytes).
    Removing gpt_lcfg.o(.ARM.exidx.text.Gpt_Notification_10), (8 bytes).
    Removing gpt_lcfg.o(.ARM.exidx.text.Gpt_Notification_11), (8 bytes).
    Removing gpt_lcfg.o(.ARM.exidx.text.TIMER0A_Handler), (8 bytes).
    Removing gpt_lcfg.o(.ARM.exidx.text.TIMER1A_Handler), (8 bytes).
    Removing port.o(.text), (0 bytes).
    Removing port.o(.text.Port_Init), (562 bytes).
    Removing port.o(.ARM.exidx.text.Port_Init), (8 bytes).
    Removing port.o(.text.Port_InterruptEnable), (64 bytes).
    Removing port.o(.ARM.exidx.text.Port_InterruptEnable), (8 bytes).
    Removing port.o(.text.Port_InterruptSetCallback), (18 bytes).
    Removing port.o(.ARM.exidx.text.Port_InterruptSetCallback), (8 bytes).
    Removing port.o(.ARM.exidx.text.GPIOF_Handler), (8 bytes).
    Removing port_lcfg.o(.text), (0 bytes).
    Removing port_lcfg.o(.rodata.Port_ConfigType), (344 bytes).
    Removing system_tm4c123.o(.text), (0 bytes).
    Removing system_tm4c123.o(.text.SystemCoreClockUpdate), (142 bytes).
    Removing system_tm4c123.o(.ARM.exidx.text.SystemCoreClockUpdate), (8 bytes).
    Removing system_tm4c123.o(.text.getOscClk), (56 bytes).
    Removing system_tm4c123.o(.ARM.exidx.text.getOscClk), (8 bytes).
    Removing system_tm4c123.o(.ARM.exidx.text.SystemInit), (8 bytes).
    Removing system_tm4c123.o(.data.SystemCoreClock), (4 bytes).
    Removing system_tm4c123.o(.rodata..Lswitch.table.getOscClk), (92 bytes).

134 unused section(s) (total 5450 bytes) removed from the image.
